// Jest Snapshot v1, https://goo.gl/fbAQLP

exports[`Clients should render the "Clients" page 1`] = `
<DocumentFragment>
  <div
    class="homepage"
  >
    <h2
      class="paragraph"
    >
      Clients page
    </h2>
    <section
      class="section"
    >
      <div
        class="container"
      >
         
        <p>
          Loading...
        </p>
      </div>
    </section>
  </div>
</DocumentFragment>
`;
