// Jest Snapshot v1, https://goo.gl/fbAQLP

exports[`Form Input should render the Form 1`] = `
<div>
  <form
    className="formInput"
    data-testid="contact-form"
    onSubmit={[Function]}
  >
    <label
      className="label_hidden"
    >
      Date
    </label>
    <input
      className="label_hidden"
      name="date"
      onBlur={[Function]}
      onChange={[Function]}
      type="text"
    />
    <label
      className="label"
      htmlFor="fullName"
    >
       
      First/Last Name*
       
    </label>
    <input
      className="input"
      data-testid="fullName"
      id="fullName"
      name="fullName"
      onBlur={[Function]}
      onChange={[Function]}
      type="text"
    />
    <label
      className="label"
      htmlFor="zipCode"
    >
       
      Zip Code*
       
    </label>
    <input
      className="input"
      data-testid="zipCode"
      id="zipCode"
      name="zipCode"
      onBlur={[Function]}
      onChange={[Function]}
      type="number"
    />
    <label
      className="label"
      htmlFor="email"
    >
       
      Email*
       
    </label>
    <input
      className="input"
      data-testid="email"
      id="email"
      name="email"
      onBlur={[Function]}
      onChange={[Function]}
      type="email"
    />
    <label
      className="label"
      htmlFor="phoneNumber"
    >
       
      Phone*
       
    </label>
    <input
      className="input"
      data-testid="phoneNumber"
      id="phoneNumber"
      name="phone"
      onBlur={[Function]}
      onChange={[Function]}
      type="number"
    />
    <label
      className="label"
    >
       
      Which musical instruments would you like to learn?*
       
    </label>
    <div
      className="flex"
    >
      <div
        className="checkbox"
      >
        <label
          className="label"
          htmlFor="piano"
        >
          piano
        </label>
        <input
          className="input"
          data-testid="piano"
          id="piano"
          name="instruments"
          onBlur={[Function]}
          onChange={[Function]}
          type="checkbox"
          value="piano"
        />
      </div>
      <div
        className="checkbox"
      >
        <label
          className="label"
          htmlFor="guitar"
        >
          guitar
        </label>
        <input
          className="input"
          data-testid="guitar"
          id="guitar"
          name="instruments"
          onBlur={[Function]}
          onChange={[Function]}
          type="checkbox"
          value="guitar"
        />
      </div>
      <div
        className="checkbox"
      >
        <label
          className="label"
          htmlFor="voice"
        >
          voice
        </label>
        <input
          className="input"
          data-testid="voice"
          id="voice"
          name="instruments"
          onBlur={[Function]}
          onChange={[Function]}
          type="checkbox"
          value="voice"
        />
      </div>
      <div
        className="checkbox"
      >
        <label
          className="label"
          htmlFor="drums"
        >
          drums
        </label>
        <input
          className="input"
          data-testid="drums"
          id="drums"
          name="instruments"
          onBlur={[Function]}
          onChange={[Function]}
          type="checkbox"
          value="drums"
        />
      </div>
      <div
        className="checkbox"
      >
        <label
          className="label"
          htmlFor="violin"
        >
          violin
        </label>
        <input
          className="input"
          data-testid="violin"
          id="violin"
          name="instruments"
          onBlur={[Function]}
          onChange={[Function]}
          type="checkbox"
          value="violin"
        />
      </div>
      <div
        className="checkbox"
      >
        <label
          className="label"
          htmlFor="other"
        >
          other
        </label>
        <input
          className="input"
          data-testid="other"
          id="other"
          name="instruments"
          onBlur={[Function]}
          onChange={[Function]}
          type="checkbox"
          value="other"
        />
      </div>
    </div>
    <label
      className="label"
    >
       How did you hear about us?* 
    </label>
    <select
      className="leadSource"
      name="leadSource"
      onBlur={[Function]}
      onChange={[Function]}
    >
      <option
        className="leadSourceOption"
        value=""
      >
        Please choose an option
      </option>
      <option
        className="leadSourceOption"
        data-testid="Referral"
        value="Referral"
      >
        Referral
      </option>
      <option
        className="leadSourceOption"
        data-testid="Yelp!"
        value="Yelp!"
      >
        Yelp!
      </option>
      <option
        className="leadSourceOption"
        data-testid="Google Search"
        value="Google Search"
      >
        Google Search
      </option>
      <option
        className="leadSourceOption"
        data-testid="Google Sponsored Ad"
        value="Google Sponsored Ad"
      >
        Google Sponsored Ad
      </option>
      <option
        className="leadSourceOption"
        data-testid="Facebook"
        value="Facebook"
      >
        Facebook
      </option>
      <option
        className="leadSourceOption"
        data-testid="Instagram"
        value="Instagram"
      >
        Instagram
      </option>
      <option
        className="leadSourceOption"
        data-testid="Other"
        value="Other"
      >
        Other
      </option>
    </select>
    <label
      className="label"
    >
       
      What is your availability for music lessons?
       
    </label>
    <input
      className="input"
      name="availability"
      onBlur={[Function]}
      onChange={[Function]}
      placeholder="Mon 3-6pm, Sat 8-10am"
      type="text"
    />
    <label
      className="label"
    >
       Additional info 
    </label>
    <textarea
      className="textarea"
      name="message"
      onBlur={[Function]}
      onChange={[Function]}
      placeholder="Daughter is a beginner, 8 years old, likes Taylor Swift"
    />
    <button
      className="submit"
      type="submit"
    >
      Submit
    </button>
  </form>
</div>
`;
